// Jest Snapshot v1, https://goo.gl/fbAQLP

exports[`Gallery is rendering matches snapshot 1`] = `
<DocumentFragment>
  <section>
    <h1
      data-testid="h1tag"
    >
      Projects
    </h1>
    <p>
      Links to projects I've created as a web developer
    </p>
    <div>
      <div
        class="flex-row"
      >
        <img
          alt="Green river"
          class="img-thumbnail mx-1"
          src="0.jpg"
        />
        <img
          alt="Docks"
          class="img-thumbnail mx-1"
          src="1.jpg"
        />
        <img
          alt="Panoramic village by sea"
          class="img-thumbnail mx-1"
          src="2.jpg"
        />
        <img
          alt="Domestic projects"
          class="img-thumbnail mx-1"
          src="3.jpg"
        />
        <img
          alt="Park bench"
          class="img-thumbnail mx-1"
          src="4.jpg"
        />
      </div>
    </div>
  </section>
</DocumentFragment>
`;
